[0m19:22:06.403148 [debug] [MainThread]: Sending event: {'category': 'dbt', 'action': 'invocation', 'label': 'start', 'context': [<snowplow_tracker.self_describing_json.SelfDescribingJson object at 0x000001B3CDEC3C50>, <snowplow_tracker.self_describing_json.SelfDescribingJson object at 0x000001B3CB4B8890>, <snowplow_tracker.self_describing_json.SelfDescribingJson object at 0x000001B3CD37C440>]}


============================== 19:22:06.412448 | 03690ad4-53c2-4c7c-890b-44d2e25496f0 ==============================
[0m19:22:06.412448 [info ] [MainThread]: Running with dbt=1.9.2
[0m19:22:06.414570 [debug] [MainThread]: running dbt with arguments {'printer_width': '80', 'indirect_selection': 'eager', 'log_cache_events': 'False', 'write_json': 'True', 'partial_parse': 'True', 'cache_selected_only': 'False', 'profiles_dir': 'C:\\Users\\amademe\\.dbt', 'version_check': 'True', 'fail_fast': 'False', 'log_path': 'logs', 'debug': 'False', 'warn_error': 'None', 'use_colors': 'True', 'use_experimental_parser': 'False', 'empty': 'None', 'quiet': 'False', 'no_print': 'None', 'warn_error_options': 'WarnErrorOptions(include=[], exclude=[])', 'static_parser': 'True', 'log_format': 'default', 'invocation_command': 'dbt init', 'target_path': 'None', 'introspect': 'True', 'send_anonymous_usage_stats': 'True'}
[0m19:22:44.956539 [debug] [MainThread]: Starter project path: C:\Users\amademe\Desktop\Dev\dbt_workspace\dbt_env\Lib\site-packages\dbt\include\starter_project
[0m19:22:45.015986 [info ] [MainThread]: 
Your new dbt project "dbt_snowflake_perfect" was created!

For more information on how to configure the profiles.yml file,
please consult the dbt documentation here:

  https://docs.getdbt.com/docs/configure-your-profile

One more thing:

Need help? Don't hesitate to reach out to us via GitHub issues or on Slack:

  https://community.getdbt.com/

Happy modeling!

[0m19:22:45.020920 [info ] [MainThread]: Setting up your profile.
[0m19:24:37.851133 [error] [MainThread]: Encountered an error:

[0m19:24:37.867832 [error] [MainThread]: Traceback (most recent call last):
  File "C:\Users\amademe\Desktop\Dev\dbt_workspace\dbt_env\Lib\site-packages\dbt\cli\requires.py", line 153, in wrapper
    result, success = func(*args, **kwargs)
                      ^^^^^^^^^^^^^^^^^^^^^
  File "C:\Users\amademe\Desktop\Dev\dbt_workspace\dbt_env\Lib\site-packages\dbt\cli\requires.py", line 103, in wrapper
    return func(*args, **kwargs)
           ^^^^^^^^^^^^^^^^^^^^^
  File "C:\Users\amademe\Desktop\Dev\dbt_workspace\dbt_env\Lib\site-packages\dbt\cli\main.py", line 477, in init
    results = task.run()
              ^^^^^^^^^^
  File "C:\Users\amademe\Desktop\Dev\dbt_workspace\dbt_env\Lib\site-packages\dbt\task\init.py", line 346, in run
    self.setup_profile(profile_name)
  File "C:\Users\amademe\Desktop\Dev\dbt_workspace\dbt_env\Lib\site-packages\dbt\task\init.py", line 262, in setup_profile
    self.create_profile_from_target(adapter, profile_name=profile_name)
  File "C:\Users\amademe\Desktop\Dev\dbt_workspace\dbt_env\Lib\site-packages\dbt\task\init.py", line 179, in create_profile_from_target
    self.create_profile_from_profile_template(profile_template, profile_name)
  File "C:\Users\amademe\Desktop\Dev\dbt_workspace\dbt_env\Lib\site-packages\dbt\task\init.py", line 163, in create_profile_from_profile_template
    target = self.generate_target_from_input(prompts, initial_target)
             ^^^^^^^^^^^^^^^^^^^^^^^^^^^^^^^^^^^^^^^^^^^^^^^^^^^^^^^^
  File "C:\Users\amademe\Desktop\Dev\dbt_workspace\dbt_env\Lib\site-packages\dbt\task\init.py", line 116, in generate_target_from_input
    target = self.generate_target_from_input(
             ^^^^^^^^^^^^^^^^^^^^^^^^^^^^^^^^
  File "C:\Users\amademe\Desktop\Dev\dbt_workspace\dbt_env\Lib\site-packages\dbt\task\init.py", line 129, in generate_target_from_input
    target[key] = click.prompt(
                  ^^^^^^^^^^^^^
  File "C:\Users\amademe\Desktop\Dev\dbt_workspace\dbt_env\Lib\site-packages\click\termui.py", line 164, in prompt
    value = prompt_func(prompt)
            ^^^^^^^^^^^^^^^^^^^
  File "C:\Users\amademe\Desktop\Dev\dbt_workspace\dbt_env\Lib\site-packages\click\termui.py", line 147, in prompt_func
    raise Abort() from None
click.exceptions.Abort

[0m19:24:37.872908 [debug] [MainThread]: Command `dbt init` failed at 19:24:37.872908 after 151.66 seconds
[0m19:24:37.872908 [debug] [MainThread]: Sending event: {'category': 'dbt', 'action': 'invocation', 'label': 'end', 'context': [<snowplow_tracker.self_describing_json.SelfDescribingJson object at 0x000001B3CB4B8890>, <snowplow_tracker.self_describing_json.SelfDescribingJson object at 0x000001B3DEBF43B0>, <snowplow_tracker.self_describing_json.SelfDescribingJson object at 0x000001B3DEF2A450>]}
[0m19:24:37.877719 [debug] [MainThread]: Flushing usage events
[0m19:24:38.365891 [debug] [MainThread]: An error was encountered while trying to flush usage events
